INSTANCE08: profile and optimize recursive Fibonacci
--- cProfile ordered by cumulative time ---
2178309
         7049159 function calls (5 primitive calls) in 0.678 seconds

   Ordered by: cumulative time

   ncalls  tottime  percall  cumtime  percall filename:lineno(function)
        1    0.000    0.000    0.678    0.678 {built-in method builtins.exec}
        1    0.000    0.000    0.678    0.678 fib_original.py:1(<module>)
7049155/1    0.678    0.000    0.678    0.678 fib_original.py:1(fib)
        1    0.000    0.000    0.000    0.000 {method 'disable' of '_lsprof.Profiler' objects}
        1    0.000    0.000    0.000    0.000 {built-in method builtins.print}


--- optimization diff ---
--- fib_original.py	2026-08-31 01:42:29.452245412 -0700
+++ fib_optimized.py	2026-08-31 01:42:29.448245357 -0700
@@ -1,3 +1,7 @@
+from functools import lru_cache
+
+
+@lru_cache(maxsize=None)
 def fib(number):
     if number < 2:
         return number
--- repeated timing and correctness ---
before_runs=[0.114613, 0.114358, 0.117767]
after_runs=[6e-06, 3e-06, 2e-06]
before_median=0.114613s
after_median=0.000003s
speedup=40556.45x
same_results=True
result=2178309
VERIFICATION=passed
