INSTANCE05: Ruff feedback and automatic fix
--- initial check (expected failure) ---
F401 [*] `os` imported but unused
 --> report.py:1:8
  |
1 | import os
  |        ^^
2 | from pathlib import Path
  |
help: Remove unused import: `os`
  |
  - import os
1 | from pathlib import Path
  |

Found 1 error.
[*] 1 fixable with the `--fix` option.
RUFF_BEFORE_EXIT=1
--- apply safe fix ---
Found 1 error (1 fixed, 0 remaining).
--- report_before.py	2026-08-31 01:18:18.390831073 -0700
+++ report.py	2026-08-31 01:18:18.470835457 -0700
@@ -1,4 +1,3 @@
-import os
 from pathlib import Path
 
 
--- final verification ---
All checks passed!
{'lines': 3, 'characters': 17}
VERIFICATION=passed
